
AVRASM ver. 1.52  work4a.asm Thu Oct 19 20:27:50 2006


         ;CodeVisionAVR C Compiler V1.24.6 Evaluation
         ;(C) Copyright 1998-2005 Pavel Haiduc, HP InfoTech s.r.l.
         ;http://www.hpinfotech.com
         ;e-mail:office@hpinfotech.com

         ;Chip type              : ATmega8
         ;Program type           : Application
         ;Clock frequency        : 4,000000 MHz
         ;Memory model           : Small
         ;Optimize for           : Size
         ;(s)printf features     : int
         ;(s)scanf features      : int, width
         ;External SRAM size     : 0
         ;Data Stack size        : 256 byte(s)
         ;Heap size              : 0 byte(s)
         ;Promote char to int    : No
         ;char is unsigned       : Yes
         ;8 bit enums            : Yes
         ;Word align FLASH struct: No
         ;Enhanced core instructions    : On
         ;Automatic register allocation : On

          	.EQU UDRE=0x5
          	.EQU RXC=0x7
          	.EQU USR=0xB
          	.EQU UDR=0xC
          	.EQU SPSR=0xE
          	.EQU SPDR=0xF
          	.EQU EERE=0x0
          	.EQU EEWE=0x1
          	.EQU EEMWE=0x2
          	.EQU EECR=0x1C
          	.EQU EEDR=0x1D
          	.EQU EEARL=0x1E
          	.EQU EEARH=0x1F
          	.EQU WDTCR=0x21
          	.EQU MCUCR=0x35
          	.EQU GICR=0x3B
          	.EQU SPL=0x3D
          	.EQU SPH=0x3E
          	.EQU SREG=0x3F

          	.DEF R0X0=R0
          	.DEF R0X1=R1
          	.DEF R0X2=R2
          	.DEF R0X3=R3
          	.DEF R0X4=R4
          	.DEF R0X5=R5
          	.DEF R0X6=R6
          	.DEF R0X7=R7
          	.DEF R0X8=R8
          	.DEF R0X9=R9
          	.DEF R0XA=R10
          	.DEF R0XB=R11
          	.DEF R0XC=R12
          	.DEF R0XD=R13
          	.DEF R0XE=R14
          	.DEF R0XF=R15
          	.DEF R0X10=R16
          	.DEF R0X11=R17
          	.DEF R0X12=R18
          	.DEF R0X13=R19
          	.DEF R0X14=R20
          	.DEF R0X15=R21
          	.DEF R0X16=R22
          	.DEF R0X17=R23
          	.DEF R0X18=R24
          	.DEF R0X19=R25
          	.DEF R0X1A=R26
          	.DEF R0X1B=R27
          	.DEF R0X1C=R28
          	.DEF R0X1D=R29
          	.DEF R0X1E=R30
          	.DEF R0X1F=R31

          	.EQU __se_bit=0x80
          	.EQU __sm_mask=0x70
          	.EQU __sm_adc_noise_red=0x10
          	.EQU __sm_powerdown=0x20
          	.EQU __sm_powersave=0x30
          	.EQU __sm_standby=0x60
          	.EQU __sm_ext_standby=0x70

          	.MACRO __CPD1N
          	CPI  R30,LOW(@0)
          	LDI  R26,HIGH(@0)
          	CPC  R31,R26
          	LDI  R26,BYTE3(@0)
          	CPC  R22,R26
          	LDI  R26,BYTE4(@0)
          	CPC  R23,R26
          	.ENDM

          	.MACRO __CPD2N
          	CPI  R26,LOW(@0)
          	LDI  R30,HIGH(@0)
          	CPC  R27,R30
          	LDI  R30,BYTE3(@0)
          	CPC  R24,R30
          	LDI  R30,BYTE4(@0)
          	CPC  R25,R30
          	.ENDM

          	.MACRO __CPWRR
          	CP   R@0,R@2
          	CPC  R@1,R@3
          	.ENDM

          	.MACRO __CPWRN
          	CPI  R@0,LOW(@2)
          	LDI  R30,HIGH(@2)
          	CPC  R@1,R30
          	.ENDM

          	.MACRO __ADDD1N
          	SUBI R30,LOW(-@0)
          	SBCI R31,HIGH(-@0)
          	SBCI R22,BYTE3(-@0)
          	SBCI R23,BYTE4(-@0)
          	.ENDM

          	.MACRO __ADDD2N
          	SUBI R26,LOW(-@0)
          	SBCI R27,HIGH(-@0)
          	SBCI R24,BYTE3(-@0)
          	SBCI R25,BYTE4(-@0)
          	.ENDM

          	.MACRO __SUBD1N
          	SUBI R30,LOW(@0)
          	SBCI R31,HIGH(@0)
          	SBCI R22,BYTE3(@0)
          	SBCI R23,BYTE4(@0)
          	.ENDM

          	.MACRO __SUBD2N
          	SUBI R26,LOW(@0)
          	SBCI R27,HIGH(@0)
          	SBCI R24,BYTE3(@0)
          	SBCI R25,BYTE4(@0)
          	.ENDM

          	.MACRO __ANDD1N
          	ANDI R30,LOW(@0)
          	ANDI R31,HIGH(@0)
          	ANDI R22,BYTE3(@0)
          	ANDI R23,BYTE4(@0)
          	.ENDM

          	.MACRO __ORD1N
          	ORI  R30,LOW(@0)
          	ORI  R31,HIGH(@0)
          	ORI  R22,BYTE3(@0)
          	ORI  R23,BYTE4(@0)
          	.ENDM

          	.MACRO __DELAY_USB
          	LDI  R24,LOW(@0)
          __DELAY_USB_LOOP:
          	DEC  R24
          	BRNE __DELAY_USB_LOOP
          	.ENDM

          	.MACRO __DELAY_USW
          	LDI  R24,LOW(@0)
          	LDI  R25,HIGH(@0)
          __DELAY_USW_LOOP:
          	SBIW R24,1
          	BRNE __DELAY_USW_LOOP
          	.ENDM

          	.MACRO __CLRD1S
          	LDI  R30,0
          	STD  Y+@0,R30
          	STD  Y+@0+1,R30
          	STD  Y+@0+2,R30
          	STD  Y+@0+3,R30
          	.ENDM

          	.MACRO __GETD1S
          	LDD  R30,Y+@0
          	LDD  R31,Y+@0+1
          	LDD  R22,Y+@0+2
          	LDD  R23,Y+@0+3
          	.ENDM

          	.MACRO __PUTD1S
          	STD  Y+@0,R30
          	STD  Y+@0+1,R31
          	STD  Y+@0+2,R22
          	STD  Y+@0+3,R23
          	.ENDM

          	.MACRO __POINTB1MN
          	LDI  R30,LOW(@0+@1)
          	.ENDM

          	.MACRO __POINTW1MN
          	LDI  R30,LOW(@0+@1)
          	LDI  R31,HIGH(@0+@1)
          	.ENDM

          	.MACRO __POINTW1FN
          	LDI  R30,LOW(2*@0+@1)
          	LDI  R31,HIGH(2*@0+@1)
          	.ENDM

          	.MACRO __POINTB2MN
          	LDI  R26,LOW(@0+@1)
          	.ENDM

          	.MACRO __POINTW2MN
          	LDI  R26,LOW(@0+@1)
          	LDI  R27,HIGH(@0+@1)
          	.ENDM

          	.MACRO __POINTBRM
          	LDI  R@0,LOW(@1)
          	.ENDM

          	.MACRO __POINTWRM
          	LDI  R@0,LOW(@2)
          	LDI  R@1,HIGH(@2)
          	.ENDM

          	.MACRO __POINTBRMN
          	LDI  R@0,LOW(@1+@2)
          	.ENDM

          	.MACRO __POINTWRMN
          	LDI  R@0,LOW(@2+@3)
          	LDI  R@1,HIGH(@2+@3)
          	.ENDM

          	.MACRO __GETD1N
          	LDI  R30,LOW(@0)
          	LDI  R31,HIGH(@0)
          	LDI  R22,BYTE3(@0)
          	LDI  R23,BYTE4(@0)
          	.ENDM

          	.MACRO __GETD2N
          	LDI  R26,LOW(@0)
          	LDI  R27,HIGH(@0)
          	LDI  R24,BYTE3(@0)
          	LDI  R25,BYTE4(@0)
          	.ENDM

          	.MACRO __GETD2S
          	LDD  R26,Y+@0
          	LDD  R27,Y+@0+1
          	LDD  R24,Y+@0+2
          	LDD  R25,Y+@0+3
          	.ENDM

          	.MACRO __GETB1MN
          	LDS  R30,@0+@1
          	.ENDM

          	.MACRO __GETW1MN
          	LDS  R30,@0+@1
          	LDS  R31,@0+@1+1
          	.ENDM

          	.MACRO __GETD1MN
          	LDS  R30,@0+@1
          	LDS  R31,@0+@1+1
          	LDS  R22,@0+@1+2
          	LDS  R23,@0+@1+3
          	.ENDM

          	.MACRO __GETBRMN
          	LDS  R@0,@1+@2
          	.ENDM

          	.MACRO __GETWRMN
          	LDS  R@0,@2+@3
          	LDS  R@1,@2+@3+1
          	.ENDM

          	.MACRO __GETWRZ
          	LDD  R@0,Z+@2
          	LDD  R@1,Z+@2+1
          	.ENDM

          	.MACRO __GETD2Z
          	LDD  R26,Z+@0
          	LDD  R27,Z+@0+1
          	LDD  R24,Z+@0+2
          	LDD  R25,Z+@0+3
          	.ENDM

          	.MACRO __GETB2MN
          	LDS  R26,@0+@1
          	.ENDM

          	.MACRO __GETW2MN
          	LDS  R26,@0+@1
          	LDS  R27,@0+@1+1
          	.ENDM

          	.MACRO __GETD2MN
          	LDS  R26,@0+@1
          	LDS  R27,@0+@1+1
          	LDS  R24,@0+@1+2
          	LDS  R25,@0+@1+3
          	.ENDM

          	.MACRO __PUTB1MN
          	STS  @0+@1,R30
          	.ENDM

          	.MACRO __PUTW1MN
          	STS  @0+@1,R30
          	STS  @0+@1+1,R31
          	.ENDM

          	.MACRO __PUTD1MN
          	STS  @0+@1,R30
          	STS  @0+@1+1,R31
          	STS  @0+@1+2,R22
          	STS  @0+@1+3,R23
          	.ENDM

          	.MACRO __PUTDZ2
          	STD  Z+@0,R26
          	STD  Z+@0+1,R27
          	STD  Z+@0+2,R24
          	STD  Z+@0+3,R25
          	.ENDM

          	.MACRO __PUTBMRN
          	STS  @0+@1,R@2
          	.ENDM

          	.MACRO __PUTWMRN
          	STS  @0+@1,R@2
          	STS  @0+@1+1,R@3
          	.ENDM

          	.MACRO __PUTBZR
          	STD  Z+@1,R@0
          	.ENDM

          	.MACRO __PUTWZR
          	STD  Z+@2,R@0
          	STD  Z+@2+1,R@1
          	.ENDM

          	.MACRO __GETW1R
          	MOV  R30,R@0
          	MOV  R31,R@1
          	.ENDM

          	.MACRO __GETW2R
          	MOV  R26,R@0
          	MOV  R27,R@1
          	.ENDM

          	.MACRO __GETWRN
          	LDI  R@0,LOW(@2)
          	LDI  R@1,HIGH(@2)
          	.ENDM

          	.MACRO __PUTW1R
          	MOV  R@0,R30
          	MOV  R@1,R31
          	.ENDM

          	.MACRO __PUTW2R
          	MOV  R@0,R26
          	MOV  R@1,R27
          	.ENDM

          	.MACRO __ADDWRN
          	SUBI R@0,LOW(-@2)
          	SBCI R@1,HIGH(-@2)
          	.ENDM

          	.MACRO __ADDWRR
          	ADD  R@0,R@2
          	ADC  R@1,R@3
          	.ENDM

          	.MACRO __SUBWRN
          	SUBI R@0,LOW(@2)
          	SBCI R@1,HIGH(@2)
          	.ENDM

          	.MACRO __SUBWRR
          	SUB  R@0,R@2
          	SBC  R@1,R@3
          	.ENDM

          	.MACRO __ANDWRN
          	ANDI R@0,LOW(@2)
          	ANDI R@1,HIGH(@2)
          	.ENDM

          	.MACRO __ANDWRR
          	AND  R@0,R@2
          	AND  R@1,R@3
          	.ENDM

          	.MACRO __ORWRN
          	ORI  R@0,LOW(@2)
          	ORI  R@1,HIGH(@2)
          	.ENDM

          	.MACRO __ORWRR
          	OR   R@0,R@2
          	OR   R@1,R@3
          	.ENDM

          	.MACRO __EORWRR
          	EOR  R@0,R@2
          	EOR  R@1,R@3
          	.ENDM

          	.MACRO __GETWRS
          	LDD  R@0,Y+@2
          	LDD  R@1,Y+@2+1
          	.ENDM

          	.MACRO __PUTWSR
          	STD  Y+@2,R@0
          	STD  Y+@2+1,R@1
          	.ENDM

          	.MACRO __MOVEWRR
          	MOV  R@0,R@2
          	MOV  R@1,R@3
          	.ENDM

          	.MACRO __INWR
          	IN   R@0,@2
          	IN   R@1,@2+1
          	.ENDM

          	.MACRO __OUTWR
          	OUT  @2+1,R@1
          	OUT  @2,R@0
          	.ENDM

          	.MACRO __CALL1MN
          	LDS  R30,@0+@1
          	LDS  R31,@0+@1+1
          	ICALL
          	.ENDM


          	.MACRO __CALL1FN
          	LDI  R30,LOW(2*@0+@1)
          	LDI  R31,HIGH(2*@0+@1)
          	RCALL __GETW1PF
          	ICALL
          	.ENDM


          	.MACRO __CALL2EN
          	LDI  R26,LOW(@0+@1)
          	LDI  R27,HIGH(@0+@1)
          	RCALL __EEPROMRDW
          	ICALL
          	.ENDM


          	.MACRO __GETW1STACK
          	IN   R26,SPL
          	IN   R27,SPH
          	ADIW R26,@0+1
          	LD   R30,X+
          	LD   R31,X
          	.ENDM

          	.MACRO __NBST
          	BST  R@0,@1
          	IN   R30,SREG
          	LDI  R31,0x40
          	EOR  R30,R31
          	OUT  SREG,R30
          	.ENDM


          	.MACRO __PUTB1SN
          	LDD  R26,Y+@0
          	LDD  R27,Y+@0+1
          	SUBI R26,LOW(-@1)
          	SBCI R27,HIGH(-@1)
          	ST   X,R30
          	.ENDM

          	.MACRO __PUTW1SN
          	LDD  R26,Y+@0
          	LDD  R27,Y+@0+1
          	SUBI R26,LOW(-@1)
          	SBCI R27,HIGH(-@1)
          	ST   X+,R30
          	ST   X,R31
          	.ENDM

          	.MACRO __PUTD1SN
          	LDD  R26,Y+@0
          	LDD  R27,Y+@0+1
          	SUBI R26,LOW(-@1)
          	SBCI R27,HIGH(-@1)
          	RCALL __PUTDP1
          	.ENDM

          	.MACRO __PUTB1SNS
          	LDD  R26,Y+@0
          	LDD  R27,Y+@0+1
          	ADIW R26,@1
          	ST   X,R30
          	.ENDM

          	.MACRO __PUTW1SNS
          	LDD  R26,Y+@0
          	LDD  R27,Y+@0+1
          	ADIW R26,@1
          	ST   X+,R30
          	ST   X,R31
          	.ENDM

          	.MACRO __PUTD1SNS
          	LDD  R26,Y+@0
          	LDD  R27,Y+@0+1
          	ADIW R26,@1
          	RCALL __PUTDP1
          	.ENDM

          	.MACRO __PUTB1PMN
          	LDS  R26,@0
          	LDS  R27,@0+1
          	SUBI R26,LOW(-@1)
          	SBCI R27,HIGH(-@1)
          	ST   X,R30
          	.ENDM

          	.MACRO __PUTW1PMN
          	LDS  R26,@0
          	LDS  R27,@0+1
          	SUBI R26,LOW(-@1)
          	SBCI R27,HIGH(-@1)
          	ST   X+,R30
          	ST   X,R31
          	.ENDM

          	.MACRO __PUTD1PMN
          	LDS  R26,@0
          	LDS  R27,@0+1
          	SUBI R26,LOW(-@1)
          	SBCI R27,HIGH(-@1)
          	RCALL __PUTDP1
          	.ENDM

          	.MACRO __PUTB1PMNS
          	LDS  R26,@0
          	LDS  R27,@0+1
          	ADIW R26,@1
          	ST   X,R30
          	.ENDM

          	.MACRO __PUTW1PMNS
          	LDS  R26,@0
          	LDS  R27,@0+1
          	ADIW R26,@1
          	ST   X+,R30
          	ST   X,R31
          	.ENDM

          	.MACRO __PUTD1PMNS
          	LDS  R26,@0
          	LDS  R27,@0+1
          	ADIW R26,@1
          	RCALL __PUTDP1
          	.ENDM

          	.MACRO __PUTB1RN
          	MOVW R26,R@0
          	SUBI R26,LOW(-@1)
          	SBCI R27,HIGH(-@1)
          	ST   X,R30
          	.ENDM

          	.MACRO __PUTW1RN
          	MOVW R26,R@0
          	SUBI R26,LOW(-@1)
          	SBCI R27,HIGH(-@1)
          	ST   X+,R30
          	ST   X,R31
          	.ENDM

          	.MACRO __PUTD1RN
          	MOVW R26,R@0
          	SUBI R26,LOW(-@1)
          	SBCI R27,HIGH(-@1)
          	RCALL __PUTDP1
          	.ENDM

          	.MACRO __PUTB1RNS
          	MOVW R26,R@0
          	ADIW R26,@1
          	ST   X,R30
          	.ENDM

          	.MACRO __PUTW1RNS
          	MOVW R26,R@0
          	ADIW R26,@1
          	ST   X+,R30
          	ST   X,R31
          	.ENDM

          	.MACRO __PUTD1RNS
          	MOVW R26,R@0
          	ADIW R26,@1
          	RCALL __PUTDP1
          	.ENDM

          	.MACRO __PUTB1RON
          	MOV  R26,R@0
          	MOV  R27,R@1
          	SUBI R26,LOW(-@2)
          	SBCI R27,HIGH(-@2)
          	ST   X,R30
          	.ENDM

          	.MACRO __PUTW1RON
          	MOV  R26,R@0
          	MOV  R27,R@1
          	SUBI R26,LOW(-@2)
          	SBCI R27,HIGH(-@2)
          	ST   X+,R30
          	ST   X,R31
          	.ENDM

          	.MACRO __PUTD1RON
          	MOV  R26,R@0
          	MOV  R27,R@1
          	SUBI R26,LOW(-@2)
          	SBCI R27,HIGH(-@2)
          	RCALL __PUTDP1
          	.ENDM

          	.MACRO __PUTB1RONS
          	MOV  R26,R@0
          	MOV  R27,R@1
          	ADIW R26,@2
          	ST   X,R30
          	.ENDM

          	.MACRO __PUTW1RONS
          	MOV  R26,R@0
          	MOV  R27,R@1
          	ADIW R26,@2
          	ST   X+,R30
          	ST   X,R31
          	.ENDM

          	.MACRO __PUTD1RONS
          	MOV  R26,R@0
          	MOV  R27,R@1
          	ADIW R26,@2
          	RCALL __PUTDP1
          	.ENDM


          	.MACRO __GETB1SX
          	MOVW R30,R28
          	SUBI R30,LOW(-@0)
          	SBCI R31,HIGH(-@0)
          	LD   R30,Z
          	.ENDM

          	.MACRO __GETW1SX
          	MOVW R30,R28
          	SUBI R30,LOW(-@0)
          	SBCI R31,HIGH(-@0)
          	LD   R0,Z+
          	LD   R31,Z
          	MOV  R30,R0
          	.ENDM

          	.MACRO __GETD1SX
          	MOVW R30,R28
          	SUBI R30,LOW(-@0)
          	SBCI R31,HIGH(-@0)
          	LD   R0,Z+
          	LD   R1,Z+
          	LD   R22,Z+
          	LD   R23,Z
          	MOVW R30,R0
          	.ENDM

          	.MACRO __GETB2SX
          	MOVW R26,R28
          	SUBI R26,LOW(-@0)
          	SBCI R27,HIGH(-@0)
          	LD   R26,X
          	.ENDM

          	.MACRO __GETW2SX
          	MOVW R26,R28
          	SUBI R26,LOW(-@0)
          	SBCI R27,HIGH(-@0)
          	LD   R0,X+
          	LD   R27,X
          	MOV  R26,R0
          	.ENDM

          	.MACRO __GETD2SX
          	MOVW R26,R28
          	SUBI R26,LOW(-@0)
          	SBCI R27,HIGH(-@0)
          	LD   R0,X+
          	LD   R1,X+
          	LD   R24,X+
          	LD   R25,X
          	MOVW R26,R0
          	.ENDM

          	.MACRO __GETBRSX
          	MOVW R30,R28
          	SUBI R30,LOW(-@1)
          	SBCI R31,HIGH(-@1)
          	LD   R@0,Z
          	.ENDM

          	.MACRO __GETWRSX
          	MOVW R30,R28
          	SUBI R30,LOW(-@2)
          	SBCI R31,HIGH(-@2)
          	LD   R@0,Z+
          	LD   R@1,Z
          	.ENDM

          	.MACRO __LSLW8SX
          	MOVW R30,R28
          	SUBI R30,LOW(-@0)
          	SBCI R31,HIGH(-@0)
          	LD   R31,Z
          	CLR  R30
          	.ENDM

          	.MACRO __PUTB1SX
          	MOVW R26,R28
          	SUBI R26,LOW(-@0)
          	SBCI R27,HIGH(-@0)
          	ST   X,R30
          	.ENDM

          	.MACRO __PUTW1SX
          	MOVW R26,R28
          	SUBI R26,LOW(-@0)
          	SBCI R27,HIGH(-@0)
          	ST   X+,R30
          	ST   X,R31
          	.ENDM

          	.MACRO __PUTD1SX
          	MOVW R26,R28
          	SUBI R26,LOW(-@0)
          	SBCI R27,HIGH(-@0)
          	ST   X+,R30
          	ST   X+,R31
          	ST   X+,R22
          	ST   X,R23
          	.ENDM

          	.MACRO __CLRW1SX
          	MOVW R30,R28
          	SUBI R30,LOW(-@0)
          	SBCI R31,HIGH(-@0)
          	CLR  R0
          	ST   Z+,R0
          	ST   Z,R0
          	.ENDM

          	.MACRO __CLRD1SX
          	MOVW R30,R28
          	SUBI R30,LOW(-@0)
          	SBCI R31,HIGH(-@0)
          	CLR  R0
          	ST   Z+,R0
          	ST   Z+,R0
          	ST   Z+,R0
          	ST   Z,R0
          	.ENDM

          	.MACRO __PUTB2SX
          	MOVW R30,R28
          	SUBI R30,LOW(-@0)
          	SBCI R31,HIGH(-@0)
          	ST   Z,R26
          	.ENDM

          	.MACRO __PUTW2SX
          	MOVW R30,R28
          	SUBI R30,LOW(-@0)
          	SBCI R31,HIGH(-@0)
          	ST   Z+,R26
          	ST   Z,R27
          	.ENDM

          	.MACRO __PUTBSRX
          	MOVW R30,R28
          	SUBI R30,LOW(-@0)
          	SBCI R31,HIGH(-@0)
          	ST   Z,R@1
          	.ENDM

          	.MACRO __PUTWSRX
          	MOVW R30,R28
          	SUBI R30,LOW(-@2)
          	SBCI R31,HIGH(-@2)
          	ST   Z+,R@0
          	ST   Z,R@1
          	.ENDM

          	.MACRO __PUTB1SNX
          	MOVW R26,R28
          	SUBI R26,LOW(-@0)
          	SBCI R27,HIGH(-@0)
          	LD   R0,X+
          	LD   R27,X
          	MOV  R26,R0
          	SUBI R26,LOW(-@1)
          	SBCI R27,HIGH(-@1)
          	ST   X,R30
          	.ENDM

          	.MACRO __PUTW1SNX
          	MOVW R26,R28
          	SUBI R26,LOW(-@0)
          	SBCI R27,HIGH(-@0)
          	LD   R0,X+
          	LD   R27,X
          	MOV  R26,R0
          	SUBI R26,LOW(-@1)
          	SBCI R27,HIGH(-@1)
          	ST   X+,R30
          	ST   X,R31
          	.ENDM

          	.MACRO __PUTD1SNX
          	MOVW R26,R28
          	SUBI R26,LOW(-@0)
          	SBCI R27,HIGH(-@0)
          	LD   R0,X+
          	LD   R27,X
          	MOV  R26,R0
          	SUBI R26,LOW(-@1)
          	SBCI R27,HIGH(-@1)
          	ST   X+,R30
          	ST   X+,R31
          	ST   X+,R22
          	ST   X,R23
          	.ENDM

          	.MACRO __MULBRR
          	MULS R@0,R@1
          	MOV  R30,R0
          	.ENDM

          	.MACRO __MULBRRU
          	MUL  R@0,R@1
          	MOV  R30,R0
          	.ENDM

          	.CSEG
          	.ORG 0

          	.INCLUDE "work4a.vec"

         ;INTERRUPT VECTORS
000000 c022      	RJMP __RESET
000001 cffe      	RJMP 0x00
000002 cffd      	RJMP 0x00
000003 cffc      	RJMP 0x00
000004 cffb      	RJMP 0x00
000005 cffa      	RJMP 0x00
000006 cff9      	RJMP 0x00
000007 cff8      	RJMP 0x00
000008 cff7      	RJMP 0x00
000009 cff6      	RJMP 0x00
00000a cff5      	RJMP 0x00
00000b cff4      	RJMP 0x00
00000c cff3      	RJMP 0x00
00000d cff2      	RJMP 0x00
00000e cff1      	RJMP 0x00
00000f cff0      	RJMP 0x00
000010 cfef      	RJMP 0x00
000011 cfee      	RJMP 0x00
000012 cfed      	RJMP 0x00

          	.INCLUDE "work4a.inc"
          _0x3:
          	.DB  0x0,0x0
000013 0000
		.DB  0x0,0x0
000014 0000
		.DB  0x0,0x0
000015 0000
		.DB  0x0,0x0
000016 0000
          _tbl10_G2:
          	.DB  0x10,0x27,0xE8,0x3,0x64,0x0,0xA,0x0
000017 2710
000018 03e8
000019 0064
00001a 000a
          	.DB  0x1,0x0
00001b 0001
          _tbl16_G2:
          	.DB  0x0,0x10,0x0,0x1,0x10,0x0,0x1,0x0
00001c 1000
00001d 0100
00001e 0010
00001f 0001
          _0:
		.DB  0x25,0x69,0xA,0x0
000020 6925
000021 000a

          __GLOBAL_INI_TBL:
          	.DW  0
000022 0000

          __RESET:
000023 94f8      	CLI
000024 27ee      	CLR  R30
000025 bbec      	OUT  EECR,R30

         ;INTERRUPT VECTORS ARE PLACED
         ;AT THE START OF FLASH
000026 e0f1      	LDI  R31,1
000027 bffb      	OUT  GICR,R31
000028 bfeb      	OUT  GICR,R30
000029 bfe5      	OUT  MCUCR,R30

         ;DISABLE WATCHDOG
00002a e1f8      	LDI  R31,0x18
00002b bdf1      	OUT  WDTCR,R31
00002c bde1      	OUT  WDTCR,R30

         ;CLEAR R2-R14
00002d e08d      	LDI  R24,13
00002e e0a2      	LDI  R26,2
00002f 27bb      	CLR  R27
          __CLEAR_REG:
000030 93ed      	ST   X+,R30
000031 958a      	DEC  R24
000032 f7e9      	BRNE __CLEAR_REG

         ;CLEAR SRAM
000033 e080      	LDI  R24,LOW(0x400)
000034 e094      	LDI  R25,HIGH(0x400)
000035 e6a0      	LDI  R26,0x60
          __CLEAR_SRAM:
000036 93ed      	ST   X+,R30
000037 9701      	SBIW R24,1
000038 f7e9      	BRNE __CLEAR_SRAM

         ;GLOBAL VARIABLES INITIALIZATION
000039 e4e4      	LDI  R30,LOW(__GLOBAL_INI_TBL*2)
00003a e0f0      	LDI  R31,HIGH(__GLOBAL_INI_TBL*2)
          __GLOBAL_INI_NEXT:
00003b 9185      	LPM  R24,Z+
00003c 9195      	LPM  R25,Z+
00003d 9700      	SBIW R24,0
00003e f061      	BREQ __GLOBAL_INI_END
00003f 91a5      	LPM  R26,Z+
000040 91b5      	LPM  R27,Z+
000041 9005      	LPM  R0,Z+
000042 9015      	LPM  R1,Z+
000043 01bf      	MOVW R22,R30
000044 01f0      	MOVW R30,R0
          __GLOBAL_INI_LOOP:
000045 9005      	LPM  R0,Z+
000046 920d      	ST   X+,R0
000047 9701      	SBIW R24,1
000048 f7e1      	BRNE __GLOBAL_INI_LOOP
000049 01fb      	MOVW R30,R22
00004a cff0      	RJMP __GLOBAL_INI_NEXT
          __GLOBAL_INI_END:

         ;STACK POINTER INITIALIZATION
00004b e5ef      	LDI  R30,LOW(0x45F)
00004c bfed      	OUT  SPL,R30
00004d e0e4      	LDI  R30,HIGH(0x45F)
00004e bfee      	OUT  SPH,R30

         ;DATA STACK POINTER INITIALIZATION
00004f e6c0      	LDI  R28,LOW(0x160)
000050 e0d1      	LDI  R29,HIGH(0x160)

000051 c079      	RJMP _main

          	.ESEG
          	.ORG 0

          	.DSEG
          	.ORG 0x160
         ;       1 /*****************************************************
         ;       2 This program was produced by the
         ;       3 CodeWizardAVR V1.24.6 Evaluation
         ;       4 Automatic Program Generator
         ;       5 © Copyright 1998-2005 Pavel Haiduc, HP InfoTech s.r.l.
         ;       6 http://www.hpinfotech.com
         ;       7 e-mail:office@hpinfotech.com
         ;       8
         ;       9 Project :
         ;      10 Version :
         ;      11 Date    : 30.10.2005
         ;      12 Author  : Freeware, for evaluation and non-commercial use only
         ;      13 Company :
         ;      14 Comments:
         ;      15
         ;      16
         ;      17 Chip type           : ATmega8
         ;      18 Program type        : Application
         ;      19 Clock frequency     : 4,000000 MHz
         ;      20 Memory model        : Small
         ;      21 External SRAM size  : 0
         ;      22 Data Stack size     : 256
         ;      23 *****************************************************/
         ;      24
         ;      25 #include <mega8.h>
         ;      26
         ;      27 // Standard Input/Output functions
         ;      28 #include <stdio.h>
         ;      29 #include <delay.h>
         ;      30
         ;      31 bit sample=0;
         ;      32
         ;      33
         ;      34 unsigned int read_adc(void)
         ;      35 {

          	.CSEG
          _read_adc:
         ;      36 unsigned int counter0 = 27, counter1 = 16;
         ;      37 unsigned long int result0=0, result1=0;
         ;      38
         ;      39 ADCSRA |= 0x20;
000052 9728      	SBIW R28,8
000053 e088      	LDI  R24,8
000054 e0a0      	LDI  R26,LOW(0)
000055 e0b0      	LDI  R27,HIGH(0)
000056 e2e6      	LDI  R30,LOW(_0x3*2)
000057 e0f0      	LDI  R31,HIGH(_0x3*2)
000058 d20c      	RCALL __INITLOCB
000059 d1ff      	RCALL __SAVELOCR4
         ;	counter0 -> R16,R17
         ;	counter1 -> R18,R19
         ;	result0 -> Y+8
         ;	result1 -> Y+4
00005a e10b      	LDI  R16,27
00005b e010      	LDI  R17,0
00005c e120      	LDI  R18,16
00005d e030      	LDI  R19,0
00005e 9a35      	SBI  0x6,5
         ;      40 ADCSRA |= 0x40;
00005f 9a36      	SBI  0x6,6
         ;      41
         ;      42 while (counter0){
          _0x4:
000060 2e00      	MOV  R0,R16
000061 2a01      	OR   R0,R17
000062 f199      	BREQ _0x6
         ;      43
         ;      44 while (counter1){
          _0x7:
000063 2e02      	MOV  R0,R18
000064 2a03      	OR   R0,R19
000065 f099      	BREQ _0x9
         ;      45 while ((ADCSRA & 0x10)==0);
          _0xA:
000066 9b34      	SBIS 0x6,4
000067 cffe      	RJMP _0xA
         ;      46 ADCSRA |= 0x10;
000068 9a34      	SBI  0x6,4
         ;      47 result1 += ADCW;
000069 b1e4      	IN   R30,0x4
00006a b1f5      	IN   R31,0x4+1
00006b   +  	__GETD2S 4
00006f 2766      	CLR  R22
000070 2777      	CLR  R23
000071 d198      	RCALL __ADDD12
000072   +  	__PUTD1S 4
         ;      48 counter1--;
000076   +  	__SUBWRN 18,19,1
         ;      49 }
000078 cfea      	RJMP _0x7
          _0x9:
         ;      50 result1 >>= 2;
000079   +  	__GETD2S 4
00007d e0e2      	LDI  R30,LOW(2)
00007e d194      	RCALL __LSRD12
00007f   +  	__PUTD1S 4
         ;      51
         ;      52 result0 += result1;
000083   +  	__GETD2S 8
000087 d182      	RCALL __ADDD12
000088   +  	__PUTD1S 8
         ;      53 result1 = 0;
00008c   +  	__CLRD1S 4
         ;      54 counter1 = 16;
000091   +  	__GETWRN 18,19,16
         ;      55 counter0--;
000093   +  	__SUBWRN 16,17,1
         ;      56 }
000095 cfca      	RJMP _0x4
          _0x6:
         ;      57 ADCSRA ^=0x20;
000096 b1e6      	IN   R30,0x6
000097 e2a0      	LDI  R26,LOW(32)
000098 27ea      	EOR  R30,R26
000099 b9e6      	OUT  0x6,R30
         ;      58 result0 /= 27;
00009a   +  	__GETD2S 8
00009e   +  	__GETD1N 0x1B
0000a2 d17c      	RCALL __DIVD21U
0000a3   +  	__PUTD1S 8
         ;      59 return result0;
0000a7 d1b8      	RCALL __LOADLOCR4
0000a8 962c      	ADIW R28,12
0000a9 9508      	RET
         ;      60 }
         ;      61
         ;      62 // Declare your global variables here
         ;      63
         ;      64 void init_devices(void){
          _init_devices:
         ;      65 // Declare your local variables here
         ;      66 PORTB=0x03; //pb0 - LED, pb1 - Switch
0000aa e0e3      	LDI  R30,LOW(3)
0000ab bbe8      	OUT  0x18,R30
         ;      67 DDRB=0x01;
0000ac e0e1      	LDI  R30,LOW(1)
0000ad bbe7      	OUT  0x17,R30
         ;      68 PORTC=0x00;
0000ae e0e0      	LDI  R30,LOW(0)
0000af bbe5      	OUT  0x15,R30
         ;      69 DDRC=0x00;
0000b0 bbe4      	OUT  0x14,R30
         ;      70 PORTD=0x80; //pd7 - LED, pd2 - low
0000b1 e8e0      	LDI  R30,LOW(128)
0000b2 bbe2      	OUT  0x12,R30
         ;      71 DDRD=0x84;
0000b3 e8e4      	LDI  R30,LOW(132)
0000b4 bbe1      	OUT  0x11,R30
         ;      72
         ;      73 // Timer/Counter 0 initialization
         ;      74 // Clock source: System Clock
         ;      75 // Prescale: 1024 kHz
         ;      76 //TCCR0 = 0x00; //stop
         ;      77 //TCNT0 = 0xB8;//B8; //set count
         ;      78 //TCCR0 = 0x02; //start timer
         ;      79
         ;      80
         ;      81 // External Interrupt(s) initialization
         ;      82 // INT0: Off
         ;      83 // INT1: Off
         ;      84 MCUCR=0x00;
0000b5 e0e0      	LDI  R30,LOW(0)
0000b6 bfe5      	OUT  0x35,R30
         ;      85
         ;      86 // Timer(s)/Counter(s) Interrupt(s) initialization
         ;      87 //TIMSK=0x01;
         ;      88
         ;      89 // USART initialization
         ;      90 // Communication Parameters: 8 Data, 1 Stop, No Parity
         ;      91 // USART Receiver: Off
         ;      92 // USART Transmitter: On
         ;      93 // USART Mode: Asynchronous
         ;      94 // USART Baud rate: 9600
         ;      95
         ;      96 //UCSRA=0x00;
         ;      97 //UCSRB=0x00;
         ;      98 //UCSRC=0x86;
         ;      99 //UBRRL = 0x19; //set baud rate lo
         ;     100 //UBRRH = 0x00; //set baud rate hi
         ;     101 //UCSRB = 0x08;
         ;     102
         ;     103 // USART initialization
         ;     104 // Communication Parameters: 8 Data, 1 Stop, No Parity
         ;     105 // USART Receiver: Off
         ;     106 // USART Transmitter: On
         ;     107 // USART Mode: Asynchronous
         ;     108 // USART Baud rate: 19200
         ;     109 UCSRA=0x00;
0000b7 b9eb      	OUT  0xB,R30
         ;     110 UCSRB=0x00;
0000b8 b9ea      	OUT  0xA,R30
         ;     111 UCSRC=0x86;
0000b9 e8e6      	LDI  R30,LOW(134)
0000ba bde0      	OUT  0x20,R30
         ;     112 UBRRH=0x00;
0000bb e0e0      	LDI  R30,LOW(0)
0000bc bde0      	OUT  0x20,R30
         ;     113 UBRRL=0x0C;
0000bd e0ec      	LDI  R30,LOW(12)
0000be b9e9      	OUT  0x9,R30
         ;     114 UCSRB=0x08;
0000bf e0e8      	LDI  R30,LOW(8)
0000c0 b9ea      	OUT  0xA,R30
         ;     115
         ;     116 // Analog Comparator initialization
         ;     117 // Analog Comparator: Off
         ;     118 // Analog Comparator Input Capture by Timer/Counter 1: Off
         ;     119 ACSR=0x80;
0000c1 e8e0      	LDI  R30,LOW(128)
0000c2 b9e8      	OUT  0x8,R30
         ;     120 SFIOR=0x00;
0000c3 e0e0      	LDI  R30,LOW(0)
0000c4 bfe0      	OUT  0x30,R30
         ;     121
         ;     122 // ADC initialization
         ;     123 // ADC Clock frequency: 125,000 kHz
         ;     124 // ADC Voltage Reference: internal
         ;     125 ADMUX=0xC1; //internal reference; ADC1
0000c5 ece1      	LDI  R30,LOW(193)
0000c6 b9e7      	OUT  0x7,R30
         ;     126 //ADMUX=0x40; //AVCC
         ;     127 //ADCSRA=0x8D; // INT
         ;     128
         ;     129 ADCSRA=0x85; //freerunning
0000c7 e8e5      	LDI  R30,LOW(133)
0000c8 b9e6      	OUT  0x6,R30
         ;     130
         ;     131 // Global enable interrupts
         ;     132 #asm("sei")
0000c9 9478      	sei
         ;     133 }
0000ca 9508      	RET
         ;     134
         ;     135
         ;     136 void main(void){
          _main:
         ;     137
         ;     138 init_devices();
0000cb dfde      	RCALL _init_devices
         ;     139 PORTB.0 = 1;
0000cc 9ac0      	SBI  0x18,0
         ;     140 PORTD.7 = 0;
0000cd 9897      	CBI  0x12,7
         ;     141
         ;     142
         ;     143 while (1)
          _0xD:
         ;     144 {
         ;     145
         ;     146   if (sample){
0000ce fe20      	SBRS R2,0
0000cf c00d      	RJMP _0x10
         ;     147         //delay_ms(20);
         ;     148         printf("%i\n",read_adc());
0000d0   +  	__POINTW1FN _0,0
0000d2 93fa      	ST   -Y,R31
0000d3 93ea      	ST   -Y,R30
0000d4 df7d      	RCALL _read_adc
0000d5 2766      	CLR  R22
0000d6 2777      	CLR  R23
0000d7 d175      	RCALL __PUTPARD1
0000d8 e084      	LDI  R24,4
0000d9 d0eb      	RCALL _printf
0000da 9626      	ADIW R28,6
         ;     149         putchar(0x0D);
0000db e0ed      	LDI  R30,LOW(13)
0000dc d104      	RCALL SUBOPT_0x0
         ;     150   }
         ;     151
         ;     152   if (!PINB.1) {
          _0x10:
0000dd 99b1      	SBIC 0x16,1
0000de c015      	RJMP _0x11
         ;     153         sample ^= 1;
0000df e0e0      	LDI  R30,0
0000e0 fc20      	SBRC R2,0
0000e1 e0e1      	LDI  R30,1
0000e2 d100      	RCALL SUBOPT_0x1
0000e3 f820      	BLD  R2,0
         ;     154         PORTB.0 ^= 1;
0000e4 e0e0      	LDI  R30,0
0000e5 99c0      	SBIC 0x18,0
0000e6 e0e1      	LDI  R30,1
0000e7 d0fb      	RCALL SUBOPT_0x1
0000e8 b3a8      	IN   R26,0x18
0000e9 f9a0      	BLD  R26,0
0000ea bba8      	OUT  0x18,R26
         ;     155         PORTD.7 ^= 1;
0000eb e0e0      	LDI  R30,0
0000ec 9997      	SBIC 0x12,7
0000ed e0e1      	LDI  R30,1
0000ee d0f4      	RCALL SUBOPT_0x1
0000ef b3a2      	IN   R26,0x12
0000f0 f9a7      	BLD  R26,7
0000f1 bba2      	OUT  0x12,R26
         ;     156         while (!PINB.1);
          _0x12:
0000f2 9bb1      	SBIS 0x16,1
0000f3 cffe      	RJMP _0x12
         ;     157   }
         ;     158
         ;     159
         ;     160 }
          _0x11:
0000f4 cfd9      	RJMP _0xD
         ;     161 }
          _0x15:
0000f5 cfff      	RJMP _0x15
         ;     162
         ;     163
         ;     164
         ;     165
         ;     166
         ;     167
         ;     168
         ;     169
         ;     170

          _getchar:
0000f6 9b5f           sbis usr,rxc
0000f7 cffe           rjmp _getchar
0000f8 b1ec           in   r30,udr
0000f9 9508      	RET
          _putchar:
0000fa 9b5d           sbis usr,udre
0000fb cffe           rjmp _putchar
0000fc 81e8           ld   r30,y
0000fd b9ec           out  udr,r30
0000fe 9621      	ADIW R28,1
0000ff 9508      	RET
          __put_G2:
          	put:
000100 d0e6      	RCALL SUBOPT_0x2
000101 9730      	SBIW R30,0
000102 f041      	BREQ _0x16
000103 d0e3      	RCALL SUBOPT_0x2
000104 9631      	ADIW R30,1
000105 93ed      	ST   X+,R30
000106 93fc      	ST   X,R31
000107 9731      	SBIW R30,1
000108 81aa      	LDD  R26,Y+2
000109 83a0      	STD  Z+0,R26
00010a c002      	RJMP _0x17
          _0x16:
00010b 81ea      	LDD  R30,Y+2
00010c d0d4      	RCALL SUBOPT_0x0
          _0x17:
00010d 9623      	ADIW R28,3
00010e 9508      	RET
          __print_G2:
00010f 9724      	SBIW R28,4
000110 d146      	RCALL __SAVELOCR6
000111 e000      	LDI  R16,0
          _0x18:
000112 85ee      	LDD  R30,Y+14
000113 85ff      	LDD  R31,Y+14+1
000114 9631      	ADIW R30,1
000115 87ee      	STD  Y+14,R30
000116 87ff      	STD  Y+14+1,R31
000117 d0d3      	RCALL SUBOPT_0x3
000118 f409      	BRNE PC+2
000119 c0a8      	RJMP _0x1A
00011a 2fe0      	MOV  R30,R16
00011b 30e0      	CPI  R30,0
00011c f431      	BRNE _0x1E
00011d 3225      	CPI  R18,37
00011e f411      	BRNE _0x1F
00011f e001      	LDI  R16,LOW(1)
000120 c001      	RJMP _0x20
          _0x1F:
000121 d0ce      	RCALL SUBOPT_0x4
          _0x20:
000122 c09e      	RJMP _0x1D
          _0x1E:
000123 30e1      	CPI  R30,LOW(0x1)
000124 f489      	BRNE _0x21
000125 3225      	CPI  R18,37
000126 f419      	BRNE _0x22
000127 d0c8      	RCALL SUBOPT_0x4
000128 e000      	LDI  R16,LOW(0)
000129 c097      	RJMP _0x1D
          _0x22:
00012a e002      	LDI  R16,LOW(2)
00012b e030      	LDI  R19,LOW(0)
00012c e010      	LDI  R17,LOW(0)
00012d 322b      	CPI  R18,43
00012e f411      	BRNE _0x23
00012f e23b      	LDI  R19,LOW(43)
000130 c090      	RJMP _0x1D
          _0x23:
000131 3220      	CPI  R18,32
000132 f411      	BRNE _0x24
000133 e230      	LDI  R19,LOW(32)
000134 c08c      	RJMP _0x1D
          _0x24:
000135 c002      	RJMP _0x25
          _0x21:
000136 30e2      	CPI  R30,LOW(0x2)
000137 f431      	BRNE _0x26
          _0x25:
000138 3320      	CPI  R18,48
000139 f419      	BRNE _0x27
00013a 6110      	ORI  R17,LOW(16)
00013b e005      	LDI  R16,LOW(5)
00013c c084      	RJMP _0x1D
          _0x27:
00013d c003      	RJMP _0x28
          _0x26:
00013e 30e5      	CPI  R30,LOW(0x5)
00013f f009      	BREQ PC+2
000140 c080      	RJMP _0x1D
          _0x28:
000141 2fe2      	MOV  R30,R18
000142 36e3      	CPI  R30,LOW(0x63)
000143 f429      	BRNE _0x2D
000144 d0b1      	RCALL SUBOPT_0x5
000145 91ec      	LD   R30,X
000146 93ea      	ST   -Y,R30
000147 d0b5      	RCALL SUBOPT_0x6
000148 c077      	RJMP _0x2E
          _0x2D:
000149 37e3      	CPI  R30,LOW(0x73)
00014a f469      	BRNE _0x30
00014b d0aa      	RCALL SUBOPT_0x5
00014c d0b5      	RCALL SUBOPT_0x7
          _0x31:
00014d 81ae      	LDD  R26,Y+6
00014e 81bf      	LDD  R27,Y+6+1
00014f 91ed      	LD   R30,X+
000150 83ae      	STD  Y+6,R26
000151 83bf      	STD  Y+6+1,R27
000152 2f2e      	MOV  R18,R30
000153 30e0      	CPI  R30,0
000154 f011      	BREQ _0x33
000155 d09a      	RCALL SUBOPT_0x4
000156 cff6      	RJMP _0x31
          _0x33:
000157 c068      	RJMP _0x2E
          _0x30:
000158 37e0      	CPI  R30,LOW(0x70)
000159 f461      	BRNE _0x35
00015a d09b      	RCALL SUBOPT_0x5
00015b d0a6      	RCALL SUBOPT_0x7
          _0x36:
00015c 81ee      	LDD  R30,Y+6
00015d 81ff      	LDD  R31,Y+6+1
00015e 9631      	ADIW R30,1
00015f 83ee      	STD  Y+6,R30
000160 83ff      	STD  Y+6+1,R31
000161 d089      	RCALL SUBOPT_0x3
000162 f011      	BREQ _0x38
000163 d08c      	RCALL SUBOPT_0x4
000164 cff7      	RJMP _0x36
          _0x38:
000165 c05a      	RJMP _0x2E
          _0x35:
000166 36e4      	CPI  R30,LOW(0x64)
000167 f011      	BREQ _0x3B
000168 36e9      	CPI  R30,LOW(0x69)
000169 f411      	BRNE _0x3C
          _0x3B:
00016a 6011      	ORI  R17,LOW(1)
00016b c002      	RJMP _0x3D
          _0x3C:
00016c 37e5      	CPI  R30,LOW(0x75)
00016d f419      	BRNE _0x3E
          _0x3D:
00016e e2ee      	LDI  R30,LOW(_tbl10_G2*2)
00016f e0f0      	LDI  R31,HIGH(_tbl10_G2*2)
000170 c009      	RJMP _0x52
          _0x3E:
000171 35e8      	CPI  R30,LOW(0x58)
000172 f411      	BRNE _0x41
000173 6012      	ORI  R17,LOW(2)
000174 c003      	RJMP _0x42
          _0x41:
000175 37e8      	CPI  R30,LOW(0x78)
000176 f009      	BREQ PC+2
000177 c048      	RJMP _0x51
          _0x42:
000178 e3e8      	LDI  R30,LOW(_tbl16_G2*2)
000179 e0f0      	LDI  R31,HIGH(_tbl16_G2*2)
          _0x52:
00017a 83ee      	STD  Y+6,R30
00017b 83ff      	STD  Y+6+1,R31
00017c ff10      	SBRS R17,0
00017d c011      	RJMP _0x44
00017e d077      	RCALL SUBOPT_0x5
00017f 914d      	LD   R20,X+
000180 915c      	LD   R21,X
000181 5040      	SUBI R20,0
000182 4050      	SBCI R21,0
000183 f434      	BRGE _0x45
000184   +  	__GETW1R 20,21
000186 d088      	RCALL __ANEGW1
000187   +  	__PUTW1R 20,21
000189 e23d      	LDI  R19,LOW(45)
          _0x45:
00018a 3030      	CPI  R19,0
00018b f011      	BREQ _0x46
00018c 933a      	ST   -Y,R19
00018d d06f      	RCALL SUBOPT_0x6
          _0x46:
00018e c003      	RJMP _0x47
          _0x44:
00018f d066      	RCALL SUBOPT_0x5
000190 914d      	LD   R20,X+
000191 915c      	LD   R21,X
          _0x47:
          _0x49:
000192 e320      	LDI  R18,LOW(48)
000193 81ee      	LDD  R30,Y+6
000194 81ff      	LDD  R31,Y+6+1
000195 9632      	ADIW R30,2
000196 83ee      	STD  Y+6,R30
000197 83ff      	STD  Y+6+1,R31
000198 9732      	SBIW R30,2
000199 d0af      	RCALL __GETW1PF
00019a 87e8      	STD  Y+8,R30
00019b 87f9      	STD  Y+8+1,R31
                                        calc_digit:
00019c 174e                                        cp   r20,r30
00019d 075f                                        cpc  r21,r31
00019e f020                                        brlo calc_digit_done
00019f 5f2f      	SUBI R18,-LOW(1)
0001a0 1b4e      	                              sub  r20,r30
0001a1 0b5f      	                              sbc  r21,r31
0001a2 f7c9      	                              brne calc_digit
                                        calc_digit_done:
0001a3 fd14      	SBRC R17,4
0001a4 c009      	RJMP _0x4C
0001a5 e3e0      	LDI  R30,LOW(48)
0001a6 17e2      	CP   R30,R18
0001a7 f030      	BRLO _0x4C
0001a8 85a8      	LDD  R26,Y+8
0001a9 85b9      	LDD  R27,Y+8+1
0001aa 30a1      	CPI  R26,LOW(0x1)
0001ab e0e0      	LDI  R30,HIGH(0x1)
0001ac 07be      	CPC  R27,R30
0001ad f451      	BRNE _0x4B
          _0x4C:
0001ae 6110      	ORI  R17,LOW(16)
0001af e3e9      	LDI  R30,LOW(57)
0001b0 17e2      	CP   R30,R18
0001b1 f428      	BRSH _0x4E
0001b2 ff11      	SBRS R17,1
0001b3 c002      	RJMP _0x4F
0001b4 5f29      	SUBI R18,-LOW(7)
0001b5 c001      	RJMP _0x50
          _0x4F:
0001b6 5d29      	SUBI R18,-LOW(39)
          _0x50:
          _0x4E:
0001b7 d038      	RCALL SUBOPT_0x4
          _0x4B:
0001b8 85a8      	LDD  R26,Y+8
0001b9 85b9      	LDD  R27,Y+8+1
0001ba e0e1      	LDI  R30,LOW(1)
0001bb e0f0      	LDI  R31,HIGH(1)
0001bc 17ea      	CP   R30,R26
0001bd 07fb      	CPC  R31,R27
0001be f408      	BRSH _0x4A
0001bf cfd2      	RJMP _0x49
          _0x4A:
          _0x51:
          _0x2E:
0001c0 e000      	LDI  R16,LOW(0)
          _0x1D:
0001c1 cf50      	RJMP _0x18
          _0x1A:
0001c2 d09b      	RCALL __LOADLOCR6
0001c3 9660      	ADIW R28,16
0001c4 9508      	RET
          _printf:
0001c5 92ff      	PUSH R15
0001c6 2ef8      	MOV  R15,R24
0001c7 9722      	SBIW R28,2
0001c8 d092      	RCALL __SAVELOCR2
0001c9 01de      	MOVW R26,R28
0001ca d03b      	RCALL __ADDW2R15
0001cb   +  	__PUTW2R 16,17
0001cd e0e0      	LDI  R30,0
0001ce 83ea      	STD  Y+2,R30
0001cf 83eb      	STD  Y+2+1,R30
0001d0 01de      	MOVW R26,R28
0001d1 9614      	ADIW R26,4
0001d2 d033      	RCALL __ADDW2R15
0001d3 d071      	RCALL __GETW1P
0001d4 93fa      	ST   -Y,R31
0001d5 93ea      	ST   -Y,R30
0001d6 931a      	ST   -Y,R17
0001d7 930a      	ST   -Y,R16
0001d8 01fe      	MOVW R30,R28
0001d9 9636      	ADIW R30,6
0001da 93fa      	ST   -Y,R31
0001db 93ea      	ST   -Y,R30
0001dc df32      	RCALL __print_G2
0001dd d084      	RCALL __LOADLOCR2
0001de 9624      	ADIW R28,4
0001df 90ff      	POP  R15
0001e0 9508      	RET

         ;OPTIMIZER ADDED SUBROUTINE, CALLED 2 TIMES
          SUBOPT_0x0:
0001e1 93ea      	ST   -Y,R30
0001e2 cf17      	RJMP _putchar

         ;OPTIMIZER ADDED SUBROUTINE, CALLED 3 TIMES
          SUBOPT_0x1:
0001e3 e0a1      	LDI  R26,LOW(1)
0001e4 27ea      	EOR  R30,R26
0001e5 d06c      	RCALL __BSTB1
0001e6 9508      	RET

         ;OPTIMIZER ADDED SUBROUTINE, CALLED 2 TIMES
          SUBOPT_0x2:
0001e7 81a8      	LD   R26,Y
0001e8 81b9      	LDD  R27,Y+1
0001e9 d05b      	RCALL __GETW1P
0001ea 9508      	RET

         ;OPTIMIZER ADDED SUBROUTINE, CALLED 2 TIMES
          SUBOPT_0x3:
0001eb 9731      	SBIW R30,1
0001ec 91e4      	LPM  R30,Z
0001ed 2f2e      	MOV  R18,R30
0001ee 30e0      	CPI  R30,0
0001ef 9508      	RET

         ;OPTIMIZER ADDED SUBROUTINE, CALLED 5 TIMES
          SUBOPT_0x4:
0001f0 932a      	ST   -Y,R18
0001f1 85eb      	LDD  R30,Y+11
0001f2 85fc      	LDD  R31,Y+11+1
0001f3 93fa      	ST   -Y,R31
0001f4 93ea      	ST   -Y,R30
0001f5 cf0a      	RJMP __put_G2

         ;OPTIMIZER ADDED SUBROUTINE, CALLED 5 TIMES
          SUBOPT_0x5:
0001f6 85ac      	LDD  R26,Y+12
0001f7 85bd      	LDD  R27,Y+12+1
0001f8 9714      	SBIW R26,4
0001f9 87ac      	STD  Y+12,R26
0001fa 87bd      	STD  Y+12+1,R27
0001fb 9614      	ADIW R26,4
0001fc 9508      	RET

         ;OPTIMIZER ADDED SUBROUTINE, CALLED 2 TIMES
          SUBOPT_0x6:
0001fd 85eb      	LDD  R30,Y+11
0001fe 85fc      	LDD  R31,Y+11+1
0001ff 93fa      	ST   -Y,R31
000200 93ea      	ST   -Y,R30
000201 cefe      	RJMP __put_G2

         ;OPTIMIZER ADDED SUBROUTINE, CALLED 2 TIMES
          SUBOPT_0x7:
000202 d042      	RCALL __GETW1P
000203 83ee      	STD  Y+6,R30
000204 83ff      	STD  Y+6+1,R31
000205 9508      	RET

          __ADDW2R15:
000206 2400      	CLR  R0
000207 0daf      	ADD  R26,R15
000208 1db0      	ADC  R27,R0
000209 9508      	RET

          __ADDD12:
00020a 0fea      	ADD  R30,R26
00020b 1ffb      	ADC  R31,R27
00020c 1f68      	ADC  R22,R24
00020d 1f79      	ADC  R23,R25
00020e 9508      	RET

          __ANEGW1:
00020f 95e0      	COM  R30
000210 95f0      	COM  R31
000211 9631      	ADIW R30,1
000212 9508      	RET

          __LSRD12:
000213 23ee      	TST  R30
000214 2e0e      	MOV  R0,R30
000215 01fd      	MOVW R30,R26
000216 01bc      	MOVW R22,R24
000217 f031      	BREQ __LSRD12R
          __LSRD12L:
000218 9576      	LSR  R23
000219 9567      	ROR  R22
00021a 95f7      	ROR  R31
00021b 95e7      	ROR  R30
00021c 940a      	DEC  R0
00021d f7d1      	BRNE __LSRD12L
          __LSRD12R:
00021e 9508      	RET

          __DIVD21U:
00021f 933f      	PUSH R19
000220 934f      	PUSH R20
000221 935f      	PUSH R21
000222 2400      	CLR  R0
000223 2411      	CLR  R1
000224 2733      	CLR  R19
000225 2744      	CLR  R20
000226 e250      	LDI  R21,32
          __DIVD21U1:
000227 0faa      	LSL  R26
000228 1fbb      	ROL  R27
000229 1f88      	ROL  R24
00022a 1f99      	ROL  R25
00022b 1c00      	ROL  R0
00022c 1c11      	ROL  R1
00022d 1f33      	ROL  R19
00022e 1f44      	ROL  R20
00022f 1a0e      	SUB  R0,R30
000230 0a1f      	SBC  R1,R31
000231 0b36      	SBC  R19,R22
000232 0b47      	SBC  R20,R23
000233 f428      	BRCC __DIVD21U2
000234 0e0e      	ADD  R0,R30
000235 1e1f      	ADC  R1,R31
000236 1f36      	ADC  R19,R22
000237 1f47      	ADC  R20,R23
000238 c001      	RJMP __DIVD21U3
          __DIVD21U2:
000239 60a1      	SBR  R26,1
          __DIVD21U3:
00023a 955a      	DEC  R21
00023b f759      	BRNE __DIVD21U1
00023c 01fd      	MOVW R30,R26
00023d 01bc      	MOVW R22,R24
00023e 01d0      	MOVW R26,R0
00023f 2f83      	MOV  R24,R19
000240 2f94      	MOV  R25,R20
000241 915f      	POP  R21
000242 914f      	POP  R20
000243 913f      	POP  R19
000244 9508      	RET

          __GETW1P:
000245 91ed      	LD   R30,X+
000246 91fc      	LD   R31,X
000247 9711      	SBIW R26,1
000248 9508      	RET

          __GETW1PF:
000249 9005      	LPM  R0,Z+
00024a 91f4      	LPM  R31,Z
00024b 2de0      	MOV  R30,R0
00024c 9508      	RET

          __PUTPARD1:
00024d 937a      	ST   -Y,R23
00024e 936a      	ST   -Y,R22
00024f 93fa      	ST   -Y,R31
000250 93ea      	ST   -Y,R30
000251 9508      	RET

          __BSTB1:
000252 94e8      	CLT
000253 2400      	CLR  R0
000254 11e0      	CPSE R30,R0
000255 9468      	SET
000256 9508      	RET

          __SAVELOCR6:
000257 935a      	ST   -Y,R21
          __SAVELOCR5:
000258 934a      	ST   -Y,R20
          __SAVELOCR4:
000259 933a      	ST   -Y,R19
          __SAVELOCR3:
00025a 932a      	ST   -Y,R18
          __SAVELOCR2:
00025b 931a      	ST   -Y,R17
00025c 930a      	ST   -Y,R16
00025d 9508      	RET

          __LOADLOCR6:
00025e 815d      	LDD  R21,Y+5
          __LOADLOCR5:
00025f 814c      	LDD  R20,Y+4
          __LOADLOCR4:
000260 813b      	LDD  R19,Y+3
          __LOADLOCR3:
000261 812a      	LDD  R18,Y+2
          __LOADLOCR2:
000262 8119      	LDD  R17,Y+1
000263 8108      	LD   R16,Y
000264 9508      	RET

          __INITLOCB:
          __INITLOCW:
000265 0fac      	ADD R26,R28
000266 1fbd      	ADC R27,R29
          __INITLOC0:
000267 9005      	LPM  R0,Z+
000268 920d      	ST   X+,R0
000269 958a      	DEC  R24
00026a f7e1      	BRNE __INITLOC0
00026b 9508      	RET

         ;END OF CODE MARKER
          __END_OF_CODE:

Assembly complete with no errors.
